True
 15:59:15.595801 24014 common.cc:16] Global Init
