x=
[[[[ 0.         -0.7568025   0.98935825 -0.53657293]
   [ 0.14112     0.65698659 -0.99999022  0.65028787]
   [-0.27941549 -0.54402113  0.99060738 -0.75098723]
   [ 0.41211849  0.42016703 -0.96139747  0.83665562]]]]
y1=
[[[[ 0.65698659  0.98935825  0.98935825  0.98935825]
   [ 0.65698659  0.99060738  0.99060738  0.99060738]
   [ 0.65698659  0.99060738  0.99060738  0.99060738]
   [ 0.42016703  0.99060738  0.99060738  0.99060738]]]]
y2=
[[[[ 0.65698659  0.98935825  0.98935825  0.98935825]
   [ 0.65698659  0.99060738  0.99060738  0.99060738]
   [ 0.65698659  0.99060738  0.99060738  0.99060738]
   [ 0.42016703  0.99060738  0.99060738  0.99060738]]]]
