x=
[[[[ 0.          0.84147096  0.90929741  0.14112   ]
   [ 0.84147096  0.90929741  0.14112    -0.7568025 ]
   [ 0.90929741  0.14112    -0.7568025  -0.95892429]
   [ 0.14112    -0.7568025  -0.95892429 -0.27941549]]]]
y=
[[[[ 0.90929741  0.90929741  0.90929741  0.90929741]
   [ 0.90929741  0.90929741  0.90929741  0.90929741]
   [ 0.90929741  0.90929741  0.90929741  0.14112   ]
   [ 0.90929741  0.90929741  0.14112    -0.27941549]]]]
y2=
[[[[ 1.90929747  1.90929747  1.90929747  1.90929747]
   [ 1.90929747  1.90929747  1.90929747  1.90929747]
   [ 1.90929747  1.90929747  1.90929747  1.14111996]
   [ 1.90929747  1.90929747  1.14111996  0.72058451]]]]
gx=
[[[[ 0.     0.     0.006  0.   ]
   [ 0.     0.005  0.001  0.   ]
   [ 0.002  0.001  0.     0.   ]
   [ 0.     0.     0.     0.001]]]]
