x=
[[[[ 0.          0.84147096  0.90929741  0.14112   ]
   [ 0.84147096  0.90929741  0.14112    -0.7568025 ]
   [ 0.90929741  0.14112    -0.7568025  -0.95892429]
   [ 0.14112    -0.7568025  -0.95892429 -0.27941549]]]]
y=
[[[[ 0.2880266   0.40473965  0.24283369  0.04830388]
   [ 0.40473965  0.43736351  0.06787737 -0.14233243]
   [ 0.24283369  0.06787737 -0.36401489 -0.39663875]
   [ 0.04830388 -0.14233242 -0.39663875 -0.32822964]]]]
gx=
[[[[ 0.00044444  0.00066667  0.00066667  0.00044444]
   [ 0.00066667  0.001       0.001       0.00066667]
   [ 0.00066667  0.001       0.001       0.00066667]
   [ 0.00044444  0.00066667  0.00066667  0.00044444]]]]
