x=
[[[[ 0.          0.02777779  0.05555558]
   [ 0.08333337  0.11111116  0.13888884]
   [ 0.16666663  0.19444442  0.22222221]
   [ 0.25        0.27777779  0.30555558]]

  [[ 0.33333337  0.36111116  0.38888884]
   [ 0.41666663  0.44444442  0.47222221]
   [ 0.5         0.52777779  0.55555558]
   [ 0.58333337  0.61111116  0.63888884]]

  [[ 0.66666663  0.69444442  0.72222221]
   [ 0.75        0.77777779  0.80555558]
   [ 0.83333337  0.86111116  0.88888884]
   [ 0.91666663  0.94444442  0.97222221]]]


 [[[-1.         -0.97222221 -0.94444442]
   [-0.91666669 -0.8888889  -0.8611111 ]
   [-0.83333331 -0.80555558 -0.77777779]
   [-0.75       -0.72222221 -0.69444442]]

  [[-0.66666663 -0.6388889  -0.6111111 ]
   [-0.58333337 -0.55555558 -0.52777779]
   [-0.5        -0.47222221 -0.44444442]
   [-0.41666669 -0.3888889  -0.3611111 ]]

  [[-0.33333331 -0.30555558 -0.27777779]
   [-0.25       -0.22222221 -0.19444442]
   [-0.16666669 -0.1388889  -0.1111111 ]
   [-0.08333331 -0.05555558 -0.02777779]]]]
ydiff(cover_all==False)=
[[[[ 0.  0.]
   [ 0.  0.]]

  [[ 0.  0.]
   [ 0.  0.]]

  [[ 0.  0.]
   [ 0.  0.]]]


 [[[ 0.  0.]
   [ 0.  0.]]

  [[ 0.  0.]
   [ 0.  0.]]

  [[ 0.  0.]
   [ 0.  0.]]]]
ydiff(cover_all==True)=
[[[[ 0.  0.]
   [ 0.  0.]
   [ 0.  0.]]

  [[ 0.  0.]
   [ 0.  0.]
   [ 0.  0.]]

  [[ 0.  0.]
   [ 0.  0.]
   [ 0.  0.]]]


 [[[ 0.  0.]
   [ 0.  0.]
   [ 0.  0.]]

  [[ 0.  0.]
   [ 0.  0.]
   [ 0.  0.]]

  [[ 0.  0.]
   [ 0.  0.]
   [ 0.  0.]]]]
