x=
[[[[ 0.         -0.7568025   0.98935825 -0.53657293]
   [ 0.14112     0.65698659 -0.99999022  0.65028787]
   [-0.27941549 -0.54402113  0.99060738 -0.75098723]
   [ 0.41211849  0.42016703 -0.96139747  0.83665562]]]]
y1=
[[[[ 0.00458935  0.00340801  0.00036301  0.01145366]
   [-0.08690361  0.02198254 -0.03345932  0.03807813]
   [ 0.08966172 -0.01820276  0.03314538 -0.02609156]
   [ 0.00098321  0.00422876 -0.00099731  0.01276426]]]]
y2=
[[[[ 0.00458935  0.00340801  0.00036301  0.01145366]
   [-0.08690361  0.02198254 -0.03345932  0.03807813]
   [ 0.08966172 -0.01820276  0.03314538 -0.02609156]
   [ 0.00098321  0.00422876 -0.00099731  0.01276426]]]]
